
Copyright (C) 1994-2020 Synopsys, Inc.
This Synopsys software and all associated documentation are proprietary to Synopsys, Inc.
and may only be used pursuant to the terms and conditions of a written license agreement
with Synopsys, Inc. All other use, reproduction, modification, or distribution of the
Synopsys software or the associated documentation is strictly prohibited.
Tool: Synplify Pro (R)
Build: Q-2020.03L-SP1
Install: C:\lscc\diamond\3.12\synpbase
OS: Windows 6.2

Hostname: RD-LAPTOP

Implementation : impl1
Synopsys HDL compiler and linker, Version comp202003synp2, Build 182R, Built Oct 29 2020 10:49:53, @

Modified Files: 1
FID:  path (prevtimestamp, timestamp)
24       C:\Users\reeve\git\EEE5118Z_Project\Modulator\System\Streamer.v (2022-07-21 22:09:22, 2022-07-21 22:09:52)

*******************************************************************
Modules that may have changed as a result of file changes: 3
MID:  lib.cell.view
2        work.FIFO.verilog may have changed because the following files changed:
                        C:\Users\reeve\git\EEE5118Z_Project\Modulator\System\Streamer.v (2022-07-21 22:09:22, 2022-07-21 22:09:52) <-- (may instantiate this module)
4        work.Registers.verilog may have changed because the following files changed:
                        C:\Users\reeve\git\EEE5118Z_Project\Modulator\System\Streamer.v (2022-07-21 22:09:22, 2022-07-21 22:09:52) <-- (may instantiate this module)
5        work.Streamer.verilog may have changed because the following files changed:
                        C:\Users\reeve\git\EEE5118Z_Project\Modulator\System\Streamer.v (2022-07-21 22:09:22, 2022-07-21 22:09:52) <-- (module definition)

*******************************************************************
Unmodified files: 18
FID:  path (timestamp)
28       C:\Users\reeve\git\EEE5118Z_Project\Modulator\Comms\Arbiter.v (2022-07-21 21:39:50)
16       C:\Users\reeve\git\EEE5118Z_Project\Modulator\Comms\UART.v (2022-07-21 21:33:19)
17       C:\Users\reeve\git\EEE5118Z_Project\Modulator\Comms\UART_Packets.v (2022-07-21 21:33:10)
26       C:\Users\reeve\git\EEE5118Z_Project\Modulator\DSP\NCO.v (2022-07-21 21:34:20)
18       C:\Users\reeve\git\EEE5118Z_Project\Modulator\DSP\PWM.v (2022-07-21 21:31:04)
27       C:\Users\reeve\git\EEE5118Z_Project\Modulator\DSP\QAM.v (2022-07-21 21:31:07)
19       C:\Users\reeve\git\EEE5118Z_Project\Modulator\IP\FIFO.v (2022-07-20 20:58:37)
20       C:\Users\reeve\git\EEE5118Z_Project\Modulator\IP\SineTable.v (2022-07-20 21:03:30)
21       C:\Users\reeve\git\EEE5118Z_Project\Modulator\Modulator.v (2022-07-21 22:04:35)
22       C:\Users\reeve\git\EEE5118Z_Project\Modulator\System\Controller.v (2022-07-21 21:20:24)
23       C:\Users\reeve\git\EEE5118Z_Project\Modulator\System\Registers.v (2022-07-21 21:29:00)
25       C:\Users\reeve\git\EEE5118Z_Project\Modulator\System\Structures.v (2022-07-21 21:32:19)
9        C:\lscc\diamond\3.12\synpbase\lib\lucent\pmi_def.v (2020-10-29 10:20:54)
10       C:\lscc\diamond\3.12\synpbase\lib\lucent\xp2.v (2020-10-29 10:20:54)
11       C:\lscc\diamond\3.12\synpbase\lib\vlog\hypermods.v (2020-10-29 10:23:10)
12       C:\lscc\diamond\3.12\synpbase\lib\vlog\scemi_objects.v (2020-10-29 10:23:10)
13       C:\lscc\diamond\3.12\synpbase\lib\vlog\scemi_pipes.svh (2020-10-29 10:23:10)
14       C:\lscc\diamond\3.12\synpbase\lib\vlog\umr_capim.v (2020-10-29 10:23:10)

*******************************************************************
Unchanged modules: 9
MID:  lib.cell.view
12       work.Arbiter.verilog
0        work.Controller.verilog
8        work.Modulator.verilog
10       work.NCO.verilog
3        work.PWM.verilog
11       work.QAM.verilog
9        work.SineTable.verilog
6        work.UART.verilog
7        work.UART_Packets.verilog
